// Jest Snapshot v1, https://goo.gl/fbAQLP

exports[`CreateTeam Component component 1`] = `ShallowWrapper {}`;
