// Jest Snapshot v1, https://goo.gl/fbAQLP

exports[`CreateAccount Component component 1`] = `ShallowWrapper {}`;
