// Jest Snapshot v1, https://goo.gl/fbAQLP

exports[`Home Component component 1`] = `ShallowWrapper {}`;
