// Jest Snapshot v1, https://goo.gl/fbAQLP

exports[`Login Component component 1`] = `ShallowWrapper {}`;
