// Jest Snapshot v1, https://goo.gl/fbAQLP

exports[`Members Component component 1`] = `ShallowWrapper {}`;
