// Jest Snapshot v1, https://goo.gl/fbAQLP

exports[`Logstat Component component 1`] = `ShallowWrapper {}`;
