// Jest Snapshot v1, https://goo.gl/fbAQLP

exports[`Option Component component 1`] = `ShallowWrapper {}`;
