// Jest Snapshot v1, https://goo.gl/fbAQLP

exports[`Player Component component 1`] = `ShallowWrapper {}`;
