// Jest Snapshot v1, https://goo.gl/fbAQLP

exports[`Team Component component 1`] = `ShallowWrapper {}`;
